<?xml version='1.0' encoding='UTF-8'?>
<osm version="0.6" generator="osmium/1.6.1">

  <node id="1862787943" version="1" timestamp="2012-08-12T11:06:31Z" uid="24920" user="Schusch" changeset="12700232" lat="36.2393212" lon="-112.0474108"/>
  <node id="1862787945" version="1" timestamp="2012-08-12T11:06:31Z" uid="24920" user="Schusch" changeset="12700232" lat="36.2393945" lon="-112.0476379"/>
  <node id="1862787946" version="1" timestamp="2012-08-12T11:06:31Z" uid="24920" user="Schusch" changeset="12700232" lat="36.2394677" lon="-112.0468385"/>
  <node id="1862787947" version="1" timestamp="2012-08-12T11:06:31Z" uid="24920" user="Schusch" changeset="12700232" lat="36.2396069" lon="-112.0467204"/>
  <node id="1862787949" version="1" timestamp="2012-08-12T11:06:31Z" uid="24920" user="Schusch" changeset="12700232" lat="36.2396655" lon="-112.0475561"/>
  <node id="1862787967" version="1" timestamp="2012-08-12T11:06:31Z" uid="24920" user="Schusch" changeset="12700232" lat="36.2404423" lon="-112.0473199"/>
  <node id="1862787968" version="1" timestamp="2012-08-12T11:06:31Z" uid="24920" user="Schusch" changeset="12700232" lat="36.2404495" lon="-112.0475107"/>

  <way id="175717387" version="1" timestamp="2012-08-12T11:06:39Z" uid="24920" user="Schusch" changeset="12700232">
    <nd ref="1862787945"/>
    <nd ref="1862787949"/>
    <nd ref="1862787968"/>
    <nd ref="1862787967"/>
    <nd ref="1862787947"/>
    <nd ref="1862787946"/>
    <nd ref="1862787943"/>
    <nd ref="1862787945"/>
    <tag k="landuse" v="meadow"/>
  </way>
</osm>