<?xml version="1.0" encoding="utf-8"?>
<osm xmlns:xsi="http://www.w3.org/2001/XMLSchema-instance" xmlns:xsd="http://www.w3.org/2001/XMLSchema" version="0.6">
  <node id="1467739587" version="2" timestamp="2013-07-23T16:57:33Z" uid="183021" user="tomthepom" changeset="17064500" lat="36.0996284" lon="-112.0939252"/>
  <node id="1467739588" version="1" timestamp="2011-10-15T01:08:21Z" uid="509900" user="scorfman" changeset="9560257" lat="36.0998105" lon="-112.0939663"/>
  <way id="133335855" version="2" timestamp="2012-08-12T15:58:04Z" uid="24920" user="Schusch" changeset="12703330">
    <nd ref="1467739587"/>
    <nd ref="1467739588"/>
    <tag k="name" v="North Kaibab Trail"/>
    <tag k="layer" v="1"/>
    <tag k="bridge" v="yes"/>
    <tag k="highway" v="footway"/>
    <tag k="zmeucolor" v="red" />
  </way>
</osm>