<?xml version="1.0" encoding="utf-8"?>
<osm xmlns:xsi="http://www.w3.org/2001/XMLSchema-instance" xmlns:xsd="http://www.w3.org/2001/XMLSchema" version="0.6">
  <node id="1467739587" version="2" timestamp="2013-07-23T16:57:33Z" uid="183021" user="tomthepom" changeset="17064500" lat="36.0996284" lon="-112.0939252"/>
  <node id="1467739588" version="1" timestamp="2011-10-15T01:08:21Z" uid="509900" user="scorfman" changeset="9560257" lat="36.0998105" lon="-112.0939663"/>
  <node id="476033384" version="1" timestamp="2009-08-28T22:27:45Z" uid="32890" user="jfuredy" changeset="2295450" lat="46.0969925" lon="-112.0957118"/>
  <node id="476033640" version="3" timestamp="2013-07-23T17:39:14Z" uid="183021" user="tomthepom" changeset="17065012" lat="46.0983489" lon="-112.0953611"/>
  <way id="133335855" version="2" timestamp="2012-08-12T15:58:04Z" uid="24920" user="Schusch" changeset="12703330">
    <nd ref="1467739587"/>
    <nd ref="1467739588"/>
    <tag k="name" v="North Kaibab Trail"/>
    <tag k="layer" v="1"/>
    <tag k="bridge" v="yes"/>
    <tag k="highway" v="footway"/>
    <tag k="zmeucolor" v="red" />
  </way>
  <way id="39703740" version="5" timestamp="2013-07-23T18:42:01Z" uid="183021" user="tomthepom" changeset="17065753">
    <nd ref="476033384"/>
    <nd ref="476033640"/>
    <tag k="name" v="Bright Angel Suspension Bridge TEST"/>
    <tag k="layer" v="1"/>
    <tag k="bridge" v="yes"/>
    <tag k="highway" v="footway"/>
    <tag k="alt_name" v="Silver Bridge"/>
    <tag k="zmeucolor" v="red" />
  </way>
</osm>